[2.236s] Invoking command in '/home/maanavjugalshah/SwarmAero/ros2_ws/build/swarm_ekf': AMENT_PREFIX_PATH=/home/maanavjugalshah/SwarmAero/ros2_ws/install/px4_msgs:${AMENT_PREFIX_PATH} CMAKE_PREFIX_PATH=/home/maanavjugalshah/SwarmAero/ros2_ws/install/px4_msgs:${CMAKE_PREFIX_PATH} LD_LIBRARY_PATH=/home/maanavjugalshah/SwarmAero/ros2_ws/install/px4_msgs/lib:${LD_LIBRARY_PATH} PYTHONPATH=/home/maanavjugalshah/SwarmAero/ros2_ws/build/swarm_ekf/prefix_override:/usr/lib/python3/dist-packages/colcon_core/task/python/colcon_distutils_commands:/home/maanavjugalshah/SwarmAero/ros2_ws/install/swarm_ekf/lib/python3.10/site-packages:/home/maanavjugalshah/SwarmAero/ros2_ws/install/px4_msgs/local/lib/python3.10/dist-packages:${PYTHONPATH} /usr/bin/python3 -W ignore:setup.py install is deprecated -W ignore:easy_install command is deprecated setup.py develop --editable --build-directory /home/maanavjugalshah/SwarmAero/ros2_ws/build/swarm_ekf/build --no-deps symlink_data
[2.796s] running develop
[3.156s] running egg_info
[3.156s] creating swarm_ekf.egg-info
[3.157s] writing swarm_ekf.egg-info/PKG-INFO
[3.159s] writing dependency_links to swarm_ekf.egg-info/dependency_links.txt
[3.160s] writing entry points to swarm_ekf.egg-info/entry_points.txt
[3.160s] writing requirements to swarm_ekf.egg-info/requires.txt
[3.160s] writing top-level names to swarm_ekf.egg-info/top_level.txt
[3.160s] writing manifest file 'swarm_ekf.egg-info/SOURCES.txt'
[3.163s] reading manifest file 'swarm_ekf.egg-info/SOURCES.txt'
[3.164s] writing manifest file 'swarm_ekf.egg-info/SOURCES.txt'
[3.167s] running build_ext
[3.167s] Creating /home/maanavjugalshah/SwarmAero/ros2_ws/install/swarm_ekf/lib/python3.10/site-packages/swarm-ekf.egg-link (link to .)
[3.169s] 
[3.171s] Installed /home/maanavjugalshah/SwarmAero/ros2_ws/build/swarm_ekf
[3.172s] running symlink_data
[3.172s] creating /home/maanavjugalshah/SwarmAero/ros2_ws/install/swarm_ekf/share/ament_index
[3.173s] creating /home/maanavjugalshah/SwarmAero/ros2_ws/install/swarm_ekf/share/ament_index/resource_index
[3.175s] creating /home/maanavjugalshah/SwarmAero/ros2_ws/install/swarm_ekf/share/ament_index/resource_index/packages
[3.176s] symbolically linking /home/maanavjugalshah/SwarmAero/ros2_ws/build/swarm_ekf/resource/swarm_ekf -> /home/maanavjugalshah/SwarmAero/ros2_ws/install/swarm_ekf/share/ament_index/resource_index/packages
[3.178s] symbolically linking /home/maanavjugalshah/SwarmAero/ros2_ws/build/swarm_ekf/package.xml -> /home/maanavjugalshah/SwarmAero/ros2_ws/install/swarm_ekf/share/swarm_ekf
[3.281s] Invoked command in '/home/maanavjugalshah/SwarmAero/ros2_ws/build/swarm_ekf' returned '0': AMENT_PREFIX_PATH=/home/maanavjugalshah/SwarmAero/ros2_ws/install/px4_msgs:${AMENT_PREFIX_PATH} CMAKE_PREFIX_PATH=/home/maanavjugalshah/SwarmAero/ros2_ws/install/px4_msgs:${CMAKE_PREFIX_PATH} LD_LIBRARY_PATH=/home/maanavjugalshah/SwarmAero/ros2_ws/install/px4_msgs/lib:${LD_LIBRARY_PATH} PYTHONPATH=/home/maanavjugalshah/SwarmAero/ros2_ws/build/swarm_ekf/prefix_override:/usr/lib/python3/dist-packages/colcon_core/task/python/colcon_distutils_commands:/home/maanavjugalshah/SwarmAero/ros2_ws/install/swarm_ekf/lib/python3.10/site-packages:/home/maanavjugalshah/SwarmAero/ros2_ws/install/px4_msgs/local/lib/python3.10/dist-packages:${PYTHONPATH} /usr/bin/python3 -W ignore:setup.py install is deprecated -W ignore:easy_install command is deprecated setup.py develop --editable --build-directory /home/maanavjugalshah/SwarmAero/ros2_ws/build/swarm_ekf/build --no-deps symlink_data
